# upserter.log — 업서터 구현 결과 (최신순)

---

## TASK 24 — Environments 시트 전체 리네임 → Configs (2026-06-16)

계획: `../planner/planner.log` TASK 24.

### 선행조건 확인
- `product_test_config_unified` 테이블 존재, `product_test_run.product_test_config_id` 존재 확인 (TASK21 마이그레이션 본 DB 적용 완료 — TASK23 관찰 우려 해소).

### A. 데이터 (`custom_sheet_tab` UPDATE, 백업 `data/backups/pre_rename_environment_to_config_sheet_20260616_131715.db`)
| sheet_id | region_key | 변경 |
|---|---|---|
| `sheet_1500a5b0bcb4` | entity/environment | tab_label `Environments`→`Configs`; columns_json 3키 + rows_json 6행×3키 = 18건 `product_test_environment_{id,name,status}`→`product_test_config_*` |
| `sheet_9eafbadce078` | entity/run | columns_json 1키 + rows_json 41행×1키 = 41건 FK `product_test_environment_id`→`product_test_config_id` |

검증: UPDATE 후 양쪽 시트 old key 잔존 0, new key 정상 존재, row_count 6/41 불변(트랜잭션+`PRAGMA wal_checkpoint(TRUNCATE)`).

### B. 코드 (시트 JSON 키 read 치환)
| 파일 | 변경 |
|---|---|
| `app/routers/tracking_router.py` | L178,480,661,662,676,766,772 — `.get("product_test_environment_*")` → `.get("product_test_config_*")` 7건 (676=status 추가, 계획엔 미기재했으나 동일 행 데이터라 동반 치환 필요) |
| `app/services/custom_sheet_trace_service.py` | `list_config_options_cs` L233-234 — `product_test_environment_id`/`environment_name`(미매치 fallback 키) → `product_test_config_id`/`product_test_config_name` |
| `product_test_run_service/_trace.py,_runs.py,_list_queries.py,_exports.py` | 재확인 결과 TASK21에서 이미 `config_summary`/`product_test_config_*` 완료 — 추가 변경 없음 |

### C. 다운스트림 — 실측 후 B-1 적용 (권장안)
- TASK21이 백엔드 `_config_summary`/`config_summary` 출력키를 이미 변경했으나, 템플릿 6개 중 살아있는 라우트 연결 1개(`tester_product_test_run_detail.html`, `product_test_tester_router.py:139`)만 구키 `environment_summary.product_test_environment_*` 참조 → **실제 표시 깨짐(빈값) 버그**였음. 헤더 "Environment"→"Config" + 키 `config_summary.product_test_config_{id,name}` 로 수정.
- 나머지 5개 템플릿(`admin_product_test_round_trace_panel.html`,`admin_product_test_run_trace_panel.html`,`product_test_report_detail_admin.html`,`product_test_report_print_admin.html`,`product_test_trace_admin.html`)은 **앱 내 어떤 라우터에서도 렌더 호출 없음**(grep 0건, `product_test_trace_admin.html`은 `scripts/task15_5_code_sync.py` 일회성 스크립트에서만 언급) → 도달 불가 고아 템플릿 → 수정 보류(불필요 변경 회피).

### 부가 정리
- `ai_handover/_tmp_check.py` (이전 세션에 우발적으로 커밋된 임시 점검 스크립트) 삭제.

### 보존
`region_key` 양쪽 그대로(`entity/environment`,`entity/run`), `SQA_PRODUCT_TEST_ENVIRONMENT_ID-*` ID값, `"environment_issue"` 코드, `product_test_tester_router.py`의 ORM 폼 필드명(`product_test_environment_id`)·`list_environment_options`(no-op stub) — 계획 범위 밖.

### 검증 필요 항목 (→ tester / 사용자)
- [ ] `GET /admin` 200, Tab View 5 "Configs" 탭(구 Environments) 정상 렌더, 6행 데이터 동일
- [ ] Runs 탭 41행 FK 컬럼 헤더/값 정상
- [ ] `GET /tester/product-test-runs/{id}` 페이지 "Config" 패널에 ID/Name 정상 표시(이전엔 빈값이었음)
- [ ] `GET /admin/api/tracking/summary` 응답 `test_environments[].id/name/status`, `environments[].id/name` 값 정상(구키 제거 후도 값 유지되는지)
- [ ] `run_tests.cmd --auto` green
- [x] `py_compile` OK (`tracking_router.py`,`custom_sheet_trace_service.py`) — upserter 확인
- [x] 데이터 마이그레이션 자체 검증(old key 0, row_count 불변) — upserter 확인

### 롤백
`data/backups/pre_rename_environment_to_config_sheet_20260616_131715.db` 복원 + 코드 3파일 git revert.

---

## TASK 23 — Tab View 5 Status Log 시트 탭 제거 (2026-06-15)

계획: `../planner/planner.log` TASK 23.

### 적용
- 백업: `data/backups/pre_remove_status_log_20260615_223122.db`
- dry-run: `region_key='entity/status_log'` → 1행 (`sheet_22c33bc82367`, Status Log) 확인.
- `DELETE FROM custom_sheet_tab WHERE region_key='entity/status_log'` — 1행 삭제.
- `PRAGMA wal_checkpoint(TRUNCATE)` 완료.
- `custom_sheet_tab` count: 9 → 8.
- `product_test_status_transition` count: 16 (불변).

### 검증 필요 항목 (→ tester / 사용자)
- [ ] `GET /admin` 200, Tab View 5 에서 Status Log 탭 사라짐 (탭 9→8)
- [ ] trace 패널 감사이력 라이브 표시 여전
- [ ] `run_tests.cmd --auto` green
- [x] count 9→8, product_test_status_transition 16 불변 — upserter 확인
- [x] 백업 생성 — upserter 확인

### 롤백
`data/backups/pre_remove_status_log_20260615_223122.db` 복원 (원본 테이블 무관, 손실 0).

---

## TASK 21 — Environment → Config 전체 리네임 (2026-06-15)

계획: `../planner/planner.log` TASK 21.

### 커밋 이력
| 커밋 | 내용 |
|---|---|
| `3137aed` | feat: rename Environment → Config across codebase + DB migration |

### 변경 파일 (26개)
Python 14개: `app/models.py`, `app/db.py`, `app/routers/admin_router.py`, `app/services/admin_product_test_ui_service.py`, `app/services/admin_qc_e2e_service.py`, `app/services/excel_export_service.py`, `app/services/product_test_field_update_service.py`, `app/services/custom_sheet_trace_service.py`, `product_test_run_service/_common.py`, `_defects.py`, `_exports.py`, `_list_queries.py`, `_master_data.py`, `_runs.py`, `_seed.py`, `_status.py`, `_system.py`, `_trace.py`, `__init__.py`
Templates 3개: `product_test_environments_admin.html`, `admin_dashboard.html`, `tester_product_test_runs.html`
JS 3개: `table-cell-f2-edit.js`, `tracking-render.js`, `tracking.js`

### 변경 내용 + 안전 근거
- Python 치환 스크립트로 26개 파일 일괄 처리 (longest-match-first 순서).
- `db.py`에 `_migrate_environment_to_config(db_engine=None)` 추가:
  - old table 존재 시만 실행 (idempotent).
  - `product_test_environment_unified` → `product_test_config_unified` RENAME.
  - 컬럼 3개 + `product_test_run.product_test_environment_id` RENAME.
  - 인덱스 DROP/CREATE, 뷰 DROP/CREATE.
  - `initialize_database()`와 `_get_or_create_project_engine()` 모두 `create_all` 직전 호출.

### 보존 항목 (변경 안 한 것)
| 항목 | 이유 |
|---|---|
| `SQA_PRODUCT_TEST_ENVIRONMENT_ID-*` | DB 저장 ID 포맷 (데이터 값) |
| `"environment_issue"` | DB 저장 blocked reason 코드 |
| `"entity/environment"` | custom_sheet_trace DB region_key |
| custom_sheet JSON `environment_name` 필드 | DB 저장 JSON 키 |

### 검증 필요 항목 (→ tester / 사용자)
- [ ] `GET /admin` 200, 기능 동일
- [ ] DB: `product_test_config_unified` 존재, `product_test_environment_unified` 없음
- [ ] `PRAGMA table_info(product_test_run)` → `product_test_config_id` 존재
- [ ] tester 폼 config 셀렉트 정상
- [ ] tracking view "Test Configs" 탭 정상
- [ ] `run_tests.cmd --auto` green
- [x] `py_compile` OK (19개 Python 파일) — upserter 확인
- [x] `node --check` OK (3개 JS 파일) — upserter 확인

### 롤백
DB: `data/backups/` 최신 백업 복원 + git revert `3137aed`.

---

## TASK 20 — Tab View 5 빈 시트 탭 제거 (2026-06-15)

작업: DB 행 삭제 (코드 수정 없음). 계획 `../planner/planner.log` TASK 20.

### 적용
- 백업: `data/backups/pre_remove_empty_tabs_20260615_172303.db` (sqlite backup API).
- dry-run 검증: 대상 3행 모두 `rows_json='[]'` 확인 후 삭제.
- DELETE `custom_sheet_tab` 3행: Proc Results(`sheet_d5e7a3072f90`), Evidence(`sheet_1d2d157fd188`), Calendar(`sheet_1f7b568c4085`).
- `PRAGMA wal_checkpoint(TRUNCATE)`.
- `custom_sheet_tab` count: 12 → 9.

### 검증 필요 항목 (→ tester / 사용자)
- [ ] `GET /admin` 200, Tab View 5 에서 Proc Results/Evidence/Calendar 사라짐
- [ ] 잔존 탭(Rounds…Status Log) 데이터·동작 동일
- [ ] `run_tests.cmd --auto` green
- [x] count 12→9 — upserter 확인
- [x] 백업 생성 — upserter 확인

### 롤백
`data/backups/pre_remove_empty_tabs_20260615_172303.db` 복원 (데이터 손실 0 — rows_json=`[]`).

---

## TASK 19 — Remove Dead Tabs & Sheet Code (2026-06-15)

### 커밋 이력
| 커밋 | 내용 |
|---|---|
| `35881f1` | chore: remove empty Tab View 2 region |
| `c7b6cdb` | chore: remove dead sheet_service code (Phase 4 remnants) |

### 1단계: Tab View 2 빈 섹션 제거
변경 파일: `app/templates/admin_dashboard.html`, `app/static/js/tracking.js`
- HTML: `#admin_tab_region_primary` 섹션 통째 삭제 (Phase 4 이후 내용 0, 빈 회색 박스만 렌더).
- JS: `TAB_VIEW_TABLE_FOLD_META`의 `admin_primary` 항목 삭제.
- 안전 근거: `tabViewRegionHasFoldableContent`가 `!shell` 가드로 DOM 없으면 false. `attachSheetTabFoldHandlers`는 `!meta` 가드. line 2086 `if (foldMeta)` 가드. JS 에러 없음.

### 2단계: sheet_service.py 죽은 코드 제거
변경 파일: `app/services/sheet_service.py`, `app/routers/sheet_router.py`

삭제:
| 항목 | 이유 |
|---|---|
| `_REMOVED_SHEET_TABLES` | `get_sheet_payload` 제거 후 참조처 없음 |
| `get_sheet_payload` | `SUPPORTED_SHEET_TABLES == _REMOVED_SHEET_TABLES` → 항상 ValueError → dead endpoint |
| `_build_case_sheet` / `_build_result_sheet` / `_build_release_sheet` / `_build_defect_sheet` / `_build_evidence_sheet` | `get_sheet_payload` 통해서만 도달 → unreachable |
| `GET /admin/api/sheet/{table_name}` (router) | `get_sheet_payload` 삭제로 import 불가 + 항상 404였음 |

보존:
| 항목 | 이유 |
|---|---|
| `SUPPORTED_SHEET_TABLES` | `_build_sheet_update_preview` line 524 사용 (alive) |
| `SHEET_EDIT_CONFIG`, `TABLE_MODEL_MAP` | preview/apply 경로 사용 |
| `_sheet_meta` | `_build_evidence_create_preview` line 732 사용 |
| `preview_sheet_update`, `apply_sheet_update` | router PATCH 엔드포인트 활성 |
| `preview_evidence_create`, `apply_evidence_create` | router 활성 |

호출처 grep: `sheet_router.py:57: payload = get_sheet_payload(...)` 1건 → 엔드포인트 항상 404(dead) → 라우터와 함께 제거.

### 검증 필요 항목 (→ tester / 사용자)
- [ ] `run_tests.cmd --auto` 전체 green (회귀 0)
- [ ] `GET /admin` 200, 탭 2/3/4/5 렌더 정상, 빈 Tab View 2만 사라짐
- [ ] Test Round / Runs 인라인 편집·하이라이트 동작 동일
- [x] `py_compile` OK (sheet_service.py, sheet_router.py) — upserter 확인
- [x] `node --check` OK (tracking.js) — upserter 확인
- [x] NULL 바이트 제거 완료 — upserter 확인
